[20:14:12] - console - Starting new log session
[20:14:12] - console - Log session number "123456"
[20:14:12] - console - Initializing player 1 "markovii"
[20:14:12] - console - Initializing player 2 "colla"
